
Discarded input sections

 .text          0x00000000        0x0 llinit.o
 .data          0x00000000        0x0 llinit.o
 .bss           0x00000000        0x0 llinit.o
 .text          0x00000000        0x0 core.o
 .data          0x00000000        0x0 core.o
 .bss           0x00000000        0x0 core.o
 .text          0x00000000        0x0 uart0.o
 .data          0x00000000        0x0 uart0.o
 .bss           0x00000000        0x0 uart0.o
 .text.uart0_init
                0x00000000       0x64 uart0.o
 .text          0x00000000        0x0 spi0.o
 .data          0x00000000        0x0 spi0.o
 .bss           0x00000000        0x0 spi0.o
 .text.spi0_init
                0x00000000       0x4c spi0.o
 .text          0x00000000        0x0 rtc.o
 .data          0x00000000        0x0 rtc.o
 .bss           0x00000000        0x0 rtc.o
 .text.rtc_init
                0x00000000       0x30 rtc.o
 .text.rtc_set_datetime
                0x00000000       0x24 rtc.o
 .text.rtc_get_datetime
                0x00000000       0x3c rtc.o
 .text.rtc_set_alarm
                0x00000000       0x70 rtc.o
 .text.rtc_clear_alarm
                0x00000000       0x24 rtc.o
 .text.__vector_RTC_IRQ_vect
                0x00000000       0x14 rtc.o
 .debug_info    0x00000000      0x328 rtc.o
 .debug_abbrev  0x00000000      0x11b rtc.o
 .debug_loclists
                0x00000000      0x101 rtc.o
 .debug_aranges
                0x00000000       0x48 rtc.o
 .debug_rnglists
                0x00000000       0x31 rtc.o
 .debug_line    0x00000000      0x262 rtc.o
 .debug_str     0x00000000      0x280 rtc.o
 .comment       0x00000000       0x1f rtc.o
 .debug_frame   0x00000000       0x94 rtc.o
 .ARM.attributes
                0x00000000       0x2c rtc.o
 .text          0x00000000        0x0 dma.o
 .data          0x00000000        0x0 dma.o
 .bss           0x00000000        0x0 dma.o
 .text.startup.dma_init
                0x00000000       0x1c dma.o
 .init_array.00105
                0x00000000        0x4 dma.o
 .text.dma_tx   0x00000000       0x30 dma.o
 .bss.offset.0  0x00000000        0x2 dma.o
 .rodata.dma_data
                0x00000000       0x40 dma.o
 .debug_info    0x00000000      0x3e2 dma.o
 .debug_abbrev  0x00000000      0x133 dma.o
 .debug_aranges
                0x00000000       0x28 dma.o
 .debug_rnglists
                0x00000000       0x19 dma.o
 .debug_line    0x00000000       0xc7 dma.o
 .debug_str     0x00000000      0x264 dma.o
 .comment       0x00000000       0x1f dma.o
 .debug_frame   0x00000000       0x38 dma.o
 .ARM.attributes
                0x00000000       0x2c dma.o
 .text          0x00000000        0x0 pio-handler.o
 .data          0x00000000        0x0 pio-handler.o
 .bss           0x00000000        0x0 pio-handler.o
 .text.startup.pio_init
                0x00000000       0x9c pio-handler.o
 .init_array.00104
                0x00000000        0x4 pio-handler.o
 .text.pio_start
                0x00000000       0x28 pio-handler.o
 .debug_info    0x00000000      0x2da pio-handler.o
 .debug_abbrev  0x00000000      0x12f pio-handler.o
 .debug_loclists
                0x00000000       0x3a pio-handler.o
 .debug_aranges
                0x00000000       0x28 pio-handler.o
 .debug_rnglists
                0x00000000       0x26 pio-handler.o
 .debug_line    0x00000000      0x1de pio-handler.o
 .debug_str     0x00000000      0x215 pio-handler.o
 .comment       0x00000000       0x1f pio-handler.o
 .debug_frame   0x00000000       0x38 pio-handler.o
 .ARM.attributes
                0x00000000       0x2c pio-handler.o
 .text          0x00000000        0x0 adc.o
 .data          0x00000000        0x0 adc.o
 .bss           0x00000000        0x0 adc.o
 .text.adc_init
                0x00000000       0x2c adc.o
 .text.adc_read
                0x00000000       0x38 adc.o
 .text.adc_enable_temp_sensor
                0x00000000       0x1c adc.o
 .debug_info    0x00000000      0x116 adc.o
 .debug_abbrev  0x00000000       0xe5 adc.o
 .debug_loclists
                0x00000000       0x29 adc.o
 .debug_aranges
                0x00000000       0x30 adc.o
 .debug_rnglists
                0x00000000       0x1f adc.o
 .debug_line    0x00000000      0x133 adc.o
 .debug_str     0x00000000      0x16d adc.o
 .comment       0x00000000       0x1f adc.o
 .debug_frame   0x00000000       0x40 adc.o
 .ARM.attributes
                0x00000000       0x2c adc.o
 .text          0x00000000        0x0 image.o
 .data          0x00000000        0x0 image.o
 .bss           0x00000000        0x0 image.o
 .bss.current_image
                0x00000000        0x1 image.o
 .data.img      0x00000000      0x608 image.o
 .debug_info    0x00000000       0xd9 image.o
 .debug_abbrev  0x00000000       0xad image.o
 .debug_aranges
                0x00000000       0x18 image.o
 .debug_line    0x00000000       0x33 image.o
 .debug_str     0x00000000      0x165 image.o
 .comment       0x00000000       0x1f image.o
 .ARM.attributes
                0x00000000       0x2c image.o
 .text          0x00000000        0x0 i2c.o
 .data          0x00000000        0x0 i2c.o
 .bss           0x00000000        0x0 i2c.o
 .text          0x00000000        0x0 mpu6050.o
 .data          0x00000000        0x0 mpu6050.o
 .bss           0x00000000        0x0 mpu6050.o
 .text          0x00000000        0x0 pid.o
 .data          0x00000000        0x0 pid.o
 .bss           0x00000000        0x0 pid.o
 .debug_line    0x00000000        0x0 pid.o
 .debug_str     0x00000000       0xf1 pid.o
 .comment       0x00000000       0x1f pid.o
 .ARM.attributes
                0x00000000       0x2c pid.o
 .text          0x00000000        0x0 ../common/lib/rp2040-vectors.o
 .data          0x00000000        0x0 ../common/lib/rp2040-vectors.o
 .bss           0x00000000        0x0 ../common/lib/rp2040-vectors.o
 .text          0x00000000        0x0 ../common/lib/rp2040-crt.o
 .data          0x00000000        0x0 ../common/lib/rp2040-crt.o
 .bss           0x00000000        0x0 ../common/lib/rp2040-crt.o
 .vectors       0x00000000        0x0 ../common/lib/rp2040-crt.o
 .text          0x00000000        0x0 ../common/lib/bl2.o
 .data          0x00000000        0x0 ../common/lib/bl2.o
 .bss           0x00000000        0x0 ../common/lib/bl2.o

Memory Configuration

Name             Origin             Length             Attributes
BOOTLOADER       0x20041f00         0x00000100         xrw
SRAM             0x20000000         0x00042000         xrw
FLASH            0x10000000         0x00200000         xr
*default*        0x00000000         0xffffffff

Linker script and memory map


.bootloader     0x20041f00      0x100 load address 0x10000000
 *(.bootloader)
 .bootloader    0x20041f00      0x100 ../common/lib/bl2.o
                0x20042000                        . = ALIGN (0x100)
                0x100000fc                        __bl2_checksum = ((LOADADDR (.bootloader) + LENGTH (BOOTLOADER)) - 0x4)

.vectors        0x10000100       0xc0
 *(.vector_table)
 .vector_table  0x10000100       0xc0 ../common/lib/rp2040-vectors.o

.text           0x100001c0      0x24c
 *(.text)
 *(.text.*)
 .text.start_unresets
                0x100001c0       0x3c llinit.o
                0x100001c0                start_unresets
 .text.finish_unresets
                0x100001fc       0x38 llinit.o
                0x100001fc                finish_unresets
 .text.clocks_init
                0x10000234       0x4c llinit.o
                0x10000234                clocks_init
 .text.low_level_init
                0x10000280       0x10 llinit.o
                0x10000280                low_level_init
 .text.startup.main
                0x10000290       0x3c core.o
                0x10000290                main
 .text.__vector_36
                0x100002cc        0xc uart0.o
                0x100002cc                __vector_36
 .text.__vector_34
                0x100002d8       0x18 spi0.o
                0x100002d8                __vector_34
 .text.i2c_init
                0x100002f0       0x38 i2c.o
                0x100002f0                i2c_init
 .text.i2c_write
                0x10000328       0x2c i2c.o
                0x10000328                i2c_write
 .text.i2c_write_read
                0x10000354       0x30 i2c.o
                0x10000354                i2c_write_read
 .text.mpu6050_init
                0x10000384       0x34 mpu6050.o
                0x10000384                mpu6050_init
 .text.mpu6050_get_acc
                0x100003b8        0xe mpu6050.o
                0x100003b8                mpu6050_get_acc
 *fill*         0x100003c6        0x2 
 .text.__reset  0x100003c8       0x40 ../common/lib/rp2040-crt.o
                0x100003c8                __reset
 .text.__bad_interrupt
                0x10000408        0x4 ../common/lib/rp2040-crt.o
                0x10000408                __vector_38
                0x10000408                __vector_22
                0x10000408                __vector_28
                0x10000408                __vector_32
                0x10000408                __vector_24
                0x10000408                __vector_12
                0x10000408                __vector_46
                0x10000408                __bad_interrupt
                0x10000408                __vector_6
                0x10000408                __vector_31
                0x10000408                __vector_35
                0x10000408                __vector_39
                0x10000408                __vector_3
                0x10000408                __vector_23
                0x10000408                __vector_30
                0x10000408                __vector_45
                0x10000408                __vector_25
                0x10000408                __vector_11
                0x10000408                __vector_13
                0x10000408                __vector_17
                0x10000408                __vector_19
                0x10000408                __vector_7
                0x10000408                __vector_41
                0x10000408                __vector_43
                0x10000408                __vector_27
                0x10000408                __vector_5
                0x10000408                __vector_33
                0x10000408                __vector_47
                0x10000408                __vector_37
                0x10000408                __vector_4
                0x10000408                __vector_44
                0x10000408                __vector_9
                0x10000408                __vector_2
                0x10000408                __vector_21
                0x10000408                __vector_15
                0x10000408                __vector_29
                0x10000408                __vector_40
                0x10000408                __vector_8
                0x10000408                __vector_26
                0x10000408                __vector_14
                0x10000408                __vector_10
                0x10000408                __vector_16
                0x10000408                __vector_18
                0x10000408                __vector_20
                0x10000408                __vector_42
                [!provide]                        PROVIDE (__text_end = .)

.glue_7         0x1000040c        0x0
 .glue_7        0x1000040c        0x0 linker stubs

.glue_7t        0x1000040c        0x0
 .glue_7t       0x1000040c        0x0 linker stubs

.vfp11_veneer   0x1000040c        0x0
 .vfp11_veneer  0x1000040c        0x0 linker stubs

.v4_bx          0x1000040c        0x0
 .v4_bx         0x1000040c        0x0 linker stubs

.iplt           0x1000040c        0x0
 .iplt          0x1000040c        0x0 llinit.o

.rodata         0x1000040c       0x10
 *(.rodata)
 *(.rodata.*)
 .rodata.str1.1
                0x1000040c        0xe spi0.o
                0x1000041c                        . = ALIGN (0x4)
 *fill*         0x1000041a        0x2 

.rel.dyn        0x1000041c        0x0
 .rel.iplt      0x1000041c        0x0 llinit.o

.data           0x20000000        0x4 load address 0x1000041c
                0x20000000                        . = ALIGN (0x4)
                0x20000000                        PROVIDE (__data_start = .)
 *(.data)
 *(.data.*)
 .data.p.0      0x20000000        0x4 spi0.o
                0x20000004                        PROVIDE (__data_end = .)
                0x20000004                        . = ALIGN (0x4)
                0x1000041c                        PROVIDE (__data_load_start = LOADADDR (.data))

.igot.plt       0x20000004        0x0 load address 0x10000420
 .igot.plt      0x20000004        0x0 llinit.o

.bss            0x20000004       0x18 load address 0x10000420
                0x20000004                        . = ALIGN (0x4)
                0x20000004                        PROVIDE (__bss_start = .)
 *(.bss)
 *(.bss.*)
 .bss.num       0x20000004       0x18 core.o
                0x20000004                num
                0x2000001c                        . = ALIGN (0x4)
                0x2000001c                        PROVIDE (__bss_end = .)
                0x20042000                        PROVIDE (__ram_end = (ORIGIN (SRAM) + LENGTH (SRAM)))
                [!provide]                        PROVIDE (SIO = 0xd0000000)
                0x40008000                        PROVIDE (CLOCKS = 0x40008000)
                0x40014000                        PROVIDE (IO_BANK0 = 0x40014000)
                0x4000c000                        PROVIDE (RESETS = 0x4000c000)
                [!provide]                        PROVIDE (PADS_BANK0 = 0x4001c000)
                0x40024000                        PROVIDE (XOSC = 0x40024000)
                [!provide]                        PROVIDE (PLL_SYS = 0x40028000)
                [!provide]                        PROVIDE (PLL_USB = 0x4002c000)
                0x40034000                        PROVIDE (UART0 = 0x40034000)
                [!provide]                        PROVIDE (UART1 = 0x40038000)
                0x40044000                        PROVIDE (I2C0 = 0x40044000)
                [!provide]                        PROVIDE (I2C1 = 0x40048000)
                0x4005c000                        PROVIDE (RTC = 0x4005c000)
                0x4003c000                        PROVIDE (SPI0 = 0x4003c000)
                [!provide]                        PROVIDE (SPI01 = 0x40040000)
                0xe0000000                        PROVIDE (PPB = 0xe0000000)
                0x4004c000                        PROVIDE (ADC = 0x4004c000)
                [!provide]                        PROVIDE (SYSTICK = (PPB + 0xe010))
                0xe000e100                        PROVIDE (NVIC_ISER = (PPB + 0xe100))
                [!provide]                        PROVIDE (NVIC_ISPR = (PPB + 0xe200))
                0x50000000                        PROVIDE (DMA = 0x50000000)
                0x50200000                        PROVIDE (PIO0 = 0x50200000)
                [!provide]                        PROVIDE (PIO1 = 0x50300000)
LOAD llinit.o
LOAD core.o
LOAD uart0.o
LOAD spi0.o
LOAD rtc.o
LOAD dma.o
LOAD pio-handler.o
LOAD adc.o
LOAD image.o
LOAD i2c.o
LOAD mpu6050.o
LOAD pid.o
LOAD ../common/lib/rp2040-vectors.o
LOAD ../common/lib/rp2040-crt.o
LOAD ../common/lib/bl2.o
OUTPUT(binary.elf elf32-littlearm)
LOAD linker stubs

.debug_info     0x00000000     0x102b
 .debug_info    0x00000000      0x410 llinit.o
 .debug_info    0x00000410      0x141 core.o
 .debug_info    0x00000551      0x286 uart0.o
 .debug_info    0x000007d7      0x1ee spi0.o
 .debug_info    0x000009c5      0x480 i2c.o
 .debug_info    0x00000e45      0x1b6 mpu6050.o
 .debug_info    0x00000ffb       0x30 ../common/lib/rp2040-crt.o

.debug_abbrev   0x00000000      0x5ac
 .debug_abbrev  0x00000000       0xa5 llinit.o
 .debug_abbrev  0x000000a5       0xe8 core.o
 .debug_abbrev  0x0000018d       0xe8 uart0.o
 .debug_abbrev  0x00000275       0xe1 spi0.o
 .debug_abbrev  0x00000356      0x128 i2c.o
 .debug_abbrev  0x0000047e      0x108 mpu6050.o
 .debug_abbrev  0x00000586       0x26 ../common/lib/rp2040-crt.o

.debug_aranges  0x00000000      0x128
 .debug_aranges
                0x00000000       0x38 llinit.o
 .debug_aranges
                0x00000038       0x20 core.o
 .debug_aranges
                0x00000058       0x28 uart0.o
 .debug_aranges
                0x00000080       0x28 spi0.o
 .debug_aranges
                0x000000a8       0x30 i2c.o
 .debug_aranges
                0x000000d8       0x28 mpu6050.o
 .debug_aranges
                0x00000100       0x28 ../common/lib/rp2040-crt.o

.debug_rnglists
                0x00000000       0xe2
 .debug_rnglists
                0x00000000       0x25 llinit.o
 .debug_rnglists
                0x00000025       0x13 core.o
 .debug_rnglists
                0x00000038       0x19 uart0.o
 .debug_rnglists
                0x00000051       0x19 spi0.o
 .debug_rnglists
                0x0000006a       0x3a i2c.o
 .debug_rnglists
                0x000000a4       0x25 mpu6050.o
 .debug_rnglists
                0x000000c9       0x19 ../common/lib/rp2040-crt.o

.debug_line     0x00000000      0x8ff
 .debug_line    0x00000000      0x1e6 llinit.o
 .debug_line    0x000001e6      0x127 core.o
 .debug_line    0x0000030d      0x12d uart0.o
 .debug_line    0x0000043a      0x102 spi0.o
 .debug_line    0x0000053c      0x21d i2c.o
 .debug_line    0x00000759      0x130 mpu6050.o
 .debug_line    0x00000889       0x76 ../common/lib/rp2040-crt.o

.debug_str      0x00000000      0x7e9
 .debug_str     0x00000000      0x7e9 llinit.o
                                0x4a7 (size before relaxing)
 .debug_str     0x000007e9      0x1e0 core.o
 .debug_str     0x000007e9      0x283 uart0.o
 .debug_str     0x000007e9      0x1a9 spi0.o
 .debug_str     0x000007e9      0x3a3 i2c.o
 .debug_str     0x000007e9      0x1d8 mpu6050.o
 .debug_str     0x000007e9       0x8e ../common/lib/rp2040-crt.o

.comment        0x00000000       0x1e
 .comment       0x00000000       0x1e llinit.o
                                 0x1f (size before relaxing)
 .comment       0x0000001e       0x1f core.o
 .comment       0x0000001e       0x1f uart0.o
 .comment       0x0000001e       0x1f spi0.o
 .comment       0x0000001e       0x1f i2c.o
 .comment       0x0000001e       0x1f mpu6050.o

.ARM.attributes
                0x00000000       0x2a
 .ARM.attributes
                0x00000000       0x2c llinit.o
 .ARM.attributes
                0x0000002c       0x2c core.o
 .ARM.attributes
                0x00000058       0x2c uart0.o
 .ARM.attributes
                0x00000084       0x2c spi0.o
 .ARM.attributes
                0x000000b0       0x2c i2c.o
 .ARM.attributes
                0x000000dc       0x2c mpu6050.o
 .ARM.attributes
                0x00000108       0x1c ../common/lib/rp2040-vectors.o
 .ARM.attributes
                0x00000124       0x22 ../common/lib/rp2040-crt.o
 .ARM.attributes
                0x00000146       0x22 ../common/lib/bl2.o

.debug_frame    0x00000000      0x17c
 .debug_frame   0x00000000       0x58 llinit.o
 .debug_frame   0x00000058       0x2c core.o
 .debug_frame   0x00000084       0x30 uart0.o
 .debug_frame   0x000000b4       0x30 spi0.o
 .debug_frame   0x000000e4       0x54 i2c.o
 .debug_frame   0x00000138       0x44 mpu6050.o

.debug_loclists
                0x00000000      0x148
 .debug_loclists
                0x00000000       0xf8 i2c.o
 .debug_loclists
                0x000000f8       0x50 mpu6050.o

.debug_line_str
                0x00000000       0x7a
 .debug_line_str
                0x00000000       0x7a ../common/lib/rp2040-crt.o
