
Discarded input sections

 .text          0x00000000        0x0 core.o
 .data          0x00000000        0x0 core.o
 .bss           0x00000000        0x0 core.o
 .init_array.00101
                0x00000000        0x4 core.o
 .text          0x00000000        0x0 ../common/lib/rp2040-vectors.o
 .data          0x00000000        0x0 ../common/lib/rp2040-vectors.o
 .bss           0x00000000        0x0 ../common/lib/rp2040-vectors.o
 .text          0x00000000        0x0 ../common/lib/rp2040-crt.o
 .data          0x00000000        0x0 ../common/lib/rp2040-crt.o
 .bss           0x00000000        0x0 ../common/lib/rp2040-crt.o
 .vectors       0x00000000        0x0 ../common/lib/rp2040-crt.o
 .text          0x00000000        0x0 ../common/lib/bl2.o
 .data          0x00000000        0x0 ../common/lib/bl2.o
 .bss           0x00000000        0x0 ../common/lib/bl2.o

Memory Configuration

Name             Origin             Length             Attributes
BOOTLOADER       0x20041f00         0x00000100         xrw
SRAM             0x20000000         0x00042000         xrw
FLASH            0x10000000         0x00200000         xr
*default*        0x00000000         0xffffffff

Linker script and memory map


.bootloader     0x20041f00      0x100 load address 0x10000000
 *(.bootloader)
 .bootloader    0x20041f00      0x100 ../common/lib/bl2.o
                0x20042000                        . = ALIGN (0x100)
                0x100000fc                        __bl2_checksum = ((LOADADDR (.bootloader) + LENGTH (BOOTLOADER)) - 0x4)

.vectors        0x10000100       0xc4
 *(.vector_table)
 .vector_table  0x10000100       0xc4 ../common/lib/rp2040-vectors.o

.text           0x100001c4       0xa4
 *(.text)
 *(.text.*)
 .text.startup.do_unresets
                0x100001c4       0x2c core.o
                0x100001c4                do_unresets
 .text.startup.main
                0x100001f0       0x34 core.o
                0x100001f0                main
 .text.__reset  0x10000224       0x40 ../common/lib/rp2040-crt.o
                0x10000224                __reset
 .text.__bad_interrupt
                0x10000264        0x4 ../common/lib/rp2040-crt.o
                0x10000264                __vector_38
                0x10000264                __vector_22
                0x10000264                __vector_28
                0x10000264                __vector_32
                0x10000264                __vector_34
                0x10000264                __vector_24
                0x10000264                __vector_12
                0x10000264                __vector_46
                0x10000264                __bad_interrupt
                0x10000264                __vector_6
                0x10000264                __vector_31
                0x10000264                __vector_35
                0x10000264                __vector_39
                0x10000264                __vector_3
                0x10000264                __vector_23
                0x10000264                __vector_30
                0x10000264                __vector_45
                0x10000264                __vector_25
                0x10000264                __vector_11
                0x10000264                __vector_13
                0x10000264                __vector_17
                0x10000264                __vector_19
                0x10000264                __vector_7
                0x10000264                __vector_41
                0x10000264                __vector_43
                0x10000264                __vector_27
                0x10000264                __vector_5
                0x10000264                __vector_33
                0x10000264                __vector_47
                0x10000264                __vector_37
                0x10000264                __vector_4
                0x10000264                __vector_44
                0x10000264                __vector_9
                0x10000264                __vector_2
                0x10000264                __vector_21
                0x10000264                __vector_15
                0x10000264                __vector_36
                0x10000264                __vector_29
                0x10000264                __vector_40
                0x10000264                __vector_8
                0x10000264                __vector_26
                0x10000264                __vector_14
                0x10000264                __vector_10
                0x10000264                __vector_16
                0x10000264                __vector_18
                0x10000264                __vector_20
                0x10000264                __vector_42
                [!provide]                        PROVIDE (__text_end = .)

.glue_7         0x10000268        0x0
 .glue_7        0x10000268        0x0 linker stubs

.glue_7t        0x10000268        0x0
 .glue_7t       0x10000268        0x0 linker stubs

.vfp11_veneer   0x10000268        0x0
 .vfp11_veneer  0x10000268        0x0 linker stubs

.v4_bx          0x10000268        0x0
 .v4_bx         0x10000268        0x0 linker stubs

.iplt           0x10000268        0x0
 .iplt          0x10000268        0x0 core.o

.rel.dyn        0x10000268        0x0
 .rel.iplt      0x10000268        0x0 core.o

.rodata
 *(.rodata)
 *(.rodata.*)

.data           0x20000000        0x0 load address 0x10000268
                0x20000000                        . = ALIGN (0x4)
                0x20000000                        PROVIDE (__data_start = .)
 *(.data)
 *(.data.*)
                0x20000000                        PROVIDE (__data_end = .)
                0x20000000                        . = ALIGN (0x4)
                0x10000268                        PROVIDE (__data_load_start = LOADADDR (.data))

.igot.plt       0x20000000        0x0 load address 0x10000268
 .igot.plt      0x20000000        0x0 core.o

.bss            0x20000000        0x0 load address 0x10000268
                0x20000000                        . = ALIGN (0x4)
                0x20000000                        PROVIDE (__bss_start = .)
 *(.bss)
 *(.bss.*)
                0x20000000                        PROVIDE (__bss_end = .)
                0x20000000                        . = ALIGN (0x4)
                0x20042000                        PROVIDE (__ram_end = (ORIGIN (SRAM) + LENGTH (SRAM)))
                [!provide]                        PROVIDE (SIO = 0xd0000000)
                0x40008000                        PROVIDE (CLOCKS = 0x40008000)
                0x40014000                        PROVIDE (IO_BANK0 = 0x40014000)
                0x4000c000                        PROVIDE (RESETS = 0x4000c000)
                [!provide]                        PROVIDE (PADS_BANK0 = 0x4001c000)
                0x40024000                        PROVIDE (XOSC = 0x40024000)
                [!provide]                        PROVIDE (PLL_SYS = 0x40028000)
                [!provide]                        PROVIDE (PLL_USB = 0x4002c000)
LOAD core.o
LOAD ../common/lib/rp2040-vectors.o
LOAD ../common/lib/rp2040-crt.o
LOAD ../common/lib/bl2.o
OUTPUT(binary.elf elf32-littlearm)
LOAD linker stubs

.debug_info     0x00000000      0x449
 .debug_info    0x00000000      0x419 core.o
 .debug_info    0x00000419       0x30 ../common/lib/rp2040-crt.o

.debug_abbrev   0x00000000       0xfc
 .debug_abbrev  0x00000000       0xd6 core.o
 .debug_abbrev  0x000000d6       0x26 ../common/lib/rp2040-crt.o

.debug_aranges  0x00000000       0x50
 .debug_aranges
                0x00000000       0x28 core.o
 .debug_aranges
                0x00000028       0x28 ../common/lib/rp2040-crt.o

.debug_rnglists
                0x00000000       0x32
 .debug_rnglists
                0x00000000       0x19 core.o
 .debug_rnglists
                0x00000019       0x19 ../common/lib/rp2040-crt.o

.debug_line     0x00000000      0x183
 .debug_line    0x00000000      0x10d core.o
 .debug_line    0x0000010d       0x76 ../common/lib/rp2040-crt.o

.debug_str      0x00000000      0x41a
 .debug_str     0x00000000      0x41a core.o
                                0x3fd (size before relaxing)
 .debug_str     0x0000041a       0x8e ../common/lib/rp2040-crt.o

.comment        0x00000000       0x1e
 .comment       0x00000000       0x1e core.o
                                 0x1f (size before relaxing)

.ARM.attributes
                0x00000000       0x2a
 .ARM.attributes
                0x00000000       0x2c core.o
 .ARM.attributes
                0x0000002c       0x1c ../common/lib/rp2040-vectors.o
 .ARM.attributes
                0x00000048       0x22 ../common/lib/rp2040-crt.o
 .ARM.attributes
                0x0000006a       0x22 ../common/lib/bl2.o

.debug_frame    0x00000000       0x38
 .debug_frame   0x00000000       0x38 core.o

.debug_line_str
                0x00000000       0x7a
 .debug_line_str
                0x00000000       0x7a ../common/lib/rp2040-crt.o
