
Discarded input sections

 .text          0x00000000        0x0 llinit.o
 .data          0x00000000        0x0 llinit.o
 .bss           0x00000000        0x0 llinit.o
 .text          0x00000000        0x0 core.o
 .data          0x00000000        0x0 core.o
 .bss           0x00000000        0x0 core.o
 .bss.current_temp
                0x00000000        0x4 core.o
 .text          0x00000000        0x0 rtc.o
 .data          0x00000000        0x0 rtc.o
 .bss           0x00000000        0x0 rtc.o
 .text.rtc_clear_alarm
                0x00000000       0x20 rtc.o
 .bss.rtc_interrupt_occurred
                0x00000000        0x1 rtc.o
 .text          0x00000000        0x0 dma.o
 .data          0x00000000        0x0 dma.o
 .bss           0x00000000        0x0 dma.o
 .text.startup.dma_init
                0x00000000       0x1c dma.o
 .init_array.00105
                0x00000000        0x4 dma.o
 .text.dma_tx   0x00000000       0x30 dma.o
 .bss.offset.0  0x00000000        0x2 dma.o
 .rodata.dma_data
                0x00000000       0x40 dma.o
 .comment       0x00000000       0x27 dma.o
 .ARM.attributes
                0x00000000       0x2c dma.o
 .text          0x00000000        0x0 pio-handler.o
 .data          0x00000000        0x0 pio-handler.o
 .bss           0x00000000        0x0 pio-handler.o
 .text.startup.pio_init
                0x00000000       0x90 pio-handler.o
 .init_array.00104
                0x00000000        0x4 pio-handler.o
 .text          0x00000000        0x0 ../common/lib/rp2040-vectors.o
 .data          0x00000000        0x0 ../common/lib/rp2040-vectors.o
 .bss           0x00000000        0x0 ../common/lib/rp2040-vectors.o
 .text          0x00000000        0x0 ../common/lib/rp2040-crt.o
 .data          0x00000000        0x0 ../common/lib/rp2040-crt.o
 .bss           0x00000000        0x0 ../common/lib/rp2040-crt.o
 .vectors       0x00000000        0x0 ../common/lib/rp2040-crt.o
 .text          0x00000000        0x0 ../common/lib/bl2.o
 .data          0x00000000        0x0 ../common/lib/bl2.o
 .bss           0x00000000        0x0 ../common/lib/bl2.o

Memory Configuration

Name             Origin             Length             Attributes
BOOTLOADER       0x20041f00         0x00000100         xrw
SRAM             0x20000000         0x00042000         xrw
FLASH            0x10000000         0x00200000         xr
*default*        0x00000000         0xffffffff

Linker script and memory map


.bootloader     0x20041f00      0x100 load address 0x10000000
 *(.bootloader)
 .bootloader    0x20041f00      0x100 ../common/lib/bl2.o
                0x20042000                        . = ALIGN (0x100)
                0x100000fc                        __bl2_checksum = ((LOADADDR (.bootloader) + LENGTH (BOOTLOADER)) - 0x4)

.vectors        0x10000100       0xc0
 *(.vector_table)
 .vector_table  0x10000100       0xc0 ../common/lib/rp2040-vectors.o

.text           0x100001c0      0x334
 *(.text)
 *(.text.*)
 .text.start_unresets
                0x100001c0       0x50 llinit.o
                0x100001c0                start_unresets
 .text.finish_unresets
                0x10000210       0x48 llinit.o
                0x10000210                finish_unresets
 .text.clocks_init
                0x10000258       0x4c llinit.o
                0x10000258                clocks_init
 .text.low_level_init
                0x100002a4       0x10 llinit.o
                0x100002a4                low_level_init
 .text.startup.main
                0x100002b4       0x5c core.o
                0x100002b4                main
 .text.rtc_init
                0x10000310       0x64 rtc.o
                0x10000310                rtc_init
 .text.rtc_set_datetime
                0x10000374       0x24 rtc.o
                0x10000374                rtc_set_datetime
 .text.rtc_get_datetime
                0x10000398       0x3c rtc.o
                0x10000398                rtc_get_datetime
 .text.rtc_set_alarm
                0x100003d4       0x50 rtc.o
                0x100003d4                rtc_set_alarm
 .text.rtc_schedule_next_alarm
                0x10000424       0x4e rtc.o
                0x10000424                rtc_schedule_next_alarm
 *fill*         0x10000472        0x2 
 .text.__vector_41
                0x10000474       0x14 rtc.o
                0x10000474                __vector_41
 .text.pio_start
                0x10000488       0x28 pio-handler.o
                0x10000488                pio_start
 .text.__reset  0x100004b0       0x40 ../common/lib/rp2040-crt.o
                0x100004b0                __reset
 .text.__bad_interrupt
                0x100004f0        0x4 ../common/lib/rp2040-crt.o
                0x100004f0                __vector_38
                0x100004f0                __vector_22
                0x100004f0                __vector_28
                0x100004f0                __vector_32
                0x100004f0                __vector_34
                0x100004f0                __vector_24
                0x100004f0                __vector_12
                0x100004f0                __vector_46
                0x100004f0                __bad_interrupt
                0x100004f0                __vector_6
                0x100004f0                __vector_31
                0x100004f0                __vector_35
                0x100004f0                __vector_39
                0x100004f0                __vector_3
                0x100004f0                __vector_23
                0x100004f0                __vector_30
                0x100004f0                __vector_45
                0x100004f0                __vector_25
                0x100004f0                __vector_11
                0x100004f0                __vector_13
                0x100004f0                __vector_17
                0x100004f0                __vector_19
                0x100004f0                __vector_7
                0x100004f0                __vector_43
                0x100004f0                __vector_27
                0x100004f0                __vector_5
                0x100004f0                __vector_33
                0x100004f0                __vector_47
                0x100004f0                __vector_37
                0x100004f0                __vector_4
                0x100004f0                __vector_44
                0x100004f0                __vector_9
                0x100004f0                __vector_2
                0x100004f0                __vector_21
                0x100004f0                __vector_15
                0x100004f0                __vector_36
                0x100004f0                __vector_29
                0x100004f0                __vector_40
                0x100004f0                __vector_8
                0x100004f0                __vector_26
                0x100004f0                __vector_14
                0x100004f0                __vector_10
                0x100004f0                __vector_16
                0x100004f0                __vector_18
                0x100004f0                __vector_20
                0x100004f0                __vector_42
                [!provide]                        PROVIDE (__text_end = .)

.glue_7         0x100004f4        0x0
 .glue_7        0x100004f4        0x0 linker stubs

.glue_7t        0x100004f4        0x0
 .glue_7t       0x100004f4        0x0 linker stubs

.vfp11_veneer   0x100004f4        0x0
 .vfp11_veneer  0x100004f4        0x0 linker stubs

.v4_bx          0x100004f4        0x0
 .v4_bx         0x100004f4        0x0 linker stubs

.iplt           0x100004f4        0x0
 .iplt          0x100004f4        0x0 llinit.o

.rel.dyn        0x100004f4        0x0
 .rel.iplt      0x100004f4        0x0 llinit.o

.rodata         0x100004f4        0x0
 *(.rodata)
 *(.rodata.*)
                0x100004f4                        . = ALIGN (0x4)

.data           0x20000000        0x0 load address 0x100004f4
                0x20000000                        . = ALIGN (0x4)
                0x20000000                        PROVIDE (__data_start = .)
 *(.data)
 *(.data.*)
                0x20000000                        PROVIDE (__data_end = .)
                0x20000000                        . = ALIGN (0x4)
                0x100004f4                        PROVIDE (__data_load_start = LOADADDR (.data))

.igot.plt       0x20000000        0x0 load address 0x100004f4
 .igot.plt      0x20000000        0x0 llinit.o

.bss            0x20000000        0x4 load address 0x100004f4
                0x20000000                        . = ALIGN (0x4)
                0x20000000                        PROVIDE (__bss_start = .)
 *(.bss)
 *(.bss.*)
 .bss.rtc_alarm_count
                0x20000000        0x4 rtc.o
                0x20000000                rtc_alarm_count
                0x20000004                        . = ALIGN (0x4)
                0x20000004                        PROVIDE (__bss_end = .)
                0x20042000                        PROVIDE (__ram_end = (ORIGIN (SRAM) + LENGTH (SRAM)))
                0xd0000000                        PROVIDE (SIO = 0xd0000000)
                0x40008000                        PROVIDE (CLOCKS = 0x40008000)
                0x40014000                        PROVIDE (IO_BANK0 = 0x40014000)
                0x4000c000                        PROVIDE (RESETS = 0x4000c000)
                [!provide]                        PROVIDE (PADS_BANK0 = 0x4001c000)
                0x40024000                        PROVIDE (XOSC = 0x40024000)
                [!provide]                        PROVIDE (PLL_SYS = 0x40028000)
                [!provide]                        PROVIDE (PLL_USB = 0x4002c000)
                [!provide]                        PROVIDE (UART0 = 0x40034000)
                [!provide]                        PROVIDE (UART1 = 0x40038000)
                [!provide]                        PROVIDE (I2C0 = 0x40044000)
                [!provide]                        PROVIDE (I2C1 = 0x40048000)
                0x4005c000                        PROVIDE (RTC = 0x4005c000)
                [!provide]                        PROVIDE (ADC = 0x4004c000)
                [!provide]                        PROVIDE (SPI0 = 0x4003c000)
                [!provide]                        PROVIDE (SPI01 = 0x40040000)
                0xe0000000                        PROVIDE (PPB = 0xe0000000)
                [!provide]                        PROVIDE (SYSTICK = (PPB + 0xe010))
                0xe000e100                        PROVIDE (NVIC_ISER = (PPB + 0xe100))
                [!provide]                        PROVIDE (NVIC_ISPR = (PPB + 0xe200))
                0x50000000                        PROVIDE (DMA = 0x50000000)
                0x50200000                        PROVIDE (PIO0 = 0x50200000)
                [!provide]                        PROVIDE (PIO1 = 0x50300000)
LOAD llinit.o
LOAD core.o
LOAD rtc.o
LOAD dma.o
LOAD pio-handler.o
LOAD ../common/lib/rp2040-vectors.o
LOAD ../common/lib/rp2040-crt.o
LOAD ../common/lib/bl2.o
OUTPUT(binary.elf elf32-littlearm)
LOAD linker stubs

.comment        0x00000000       0x26
 .comment       0x00000000       0x26 llinit.o
                                 0x27 (size before relaxing)
 .comment       0x00000026       0x27 core.o
 .comment       0x00000026       0x27 rtc.o
 .comment       0x00000026       0x27 pio-handler.o

.ARM.attributes
                0x00000000       0x2a
 .ARM.attributes
                0x00000000       0x2c llinit.o
 .ARM.attributes
                0x0000002c       0x2c core.o
 .ARM.attributes
                0x00000058       0x2c rtc.o
 .ARM.attributes
                0x00000084       0x2c pio-handler.o
 .ARM.attributes
                0x000000b0       0x1c ../common/lib/rp2040-vectors.o
 .ARM.attributes
                0x000000cc       0x22 ../common/lib/rp2040-crt.o
 .ARM.attributes
                0x000000ee       0x22 ../common/lib/bl2.o
