
Discarded input sections

 .text          0x00000000        0x0 llinit.o
 .data          0x00000000        0x0 llinit.o
 .bss           0x00000000        0x0 llinit.o
 .text          0x00000000        0x0 core.o
 .data          0x00000000        0x0 core.o
 .bss           0x00000000        0x0 core.o
 .bss.current_temp
                0x00000000        0x4 core.o
 .text          0x00000000        0x0 rtc.o
 .data          0x00000000        0x0 rtc.o
 .bss           0x00000000        0x0 rtc.o
 .text.rtc_clear_alarm
                0x00000000       0x20 rtc.o
 .text          0x00000000        0x0 dma.o
 .data          0x00000000        0x0 dma.o
 .bss           0x00000000        0x0 dma.o
 .text.startup.dma_init
                0x00000000       0x1c dma.o
 .init_array.00105
                0x00000000        0x4 dma.o
 .text          0x00000000        0x0 pio-handler.o
 .data          0x00000000        0x0 pio-handler.o
 .bss           0x00000000        0x0 pio-handler.o
 .text.startup.pio_init
                0x00000000       0x90 pio-handler.o
 .init_array.00104
                0x00000000        0x4 pio-handler.o
 .text          0x00000000        0x0 ../common/lib/rp2040-vectors.o
 .data          0x00000000        0x0 ../common/lib/rp2040-vectors.o
 .bss           0x00000000        0x0 ../common/lib/rp2040-vectors.o
 .text          0x00000000        0x0 ../common/lib/rp2040-crt.o
 .data          0x00000000        0x0 ../common/lib/rp2040-crt.o
 .bss           0x00000000        0x0 ../common/lib/rp2040-crt.o
 .vectors       0x00000000        0x0 ../common/lib/rp2040-crt.o
 .text          0x00000000        0x0 ../common/lib/bl2.o
 .data          0x00000000        0x0 ../common/lib/bl2.o
 .bss           0x00000000        0x0 ../common/lib/bl2.o

Memory Configuration

Name             Origin             Length             Attributes
BOOTLOADER       0x20041f00         0x00000100         xrw
SRAM             0x20000000         0x00042000         xrw
FLASH            0x10000000         0x00200000         xr
*default*        0x00000000         0xffffffff

Linker script and memory map


.bootloader     0x20041f00      0x100 load address 0x10000000
 *(.bootloader)
 .bootloader    0x20041f00      0x100 ../common/lib/bl2.o
                0x20042000                        . = ALIGN (0x100)
                0x100000fc                        __bl2_checksum = ((LOADADDR (.bootloader) + LENGTH (BOOTLOADER)) - 0x4)

.vectors        0x10000100       0xc0
 *(.vector_table)
 .vector_table  0x10000100       0xc0 ../common/lib/rp2040-vectors.o

.text           0x100001c0      0x394
 *(.text)
 *(.text.*)
 .text.start_unresets
                0x100001c0       0x50 llinit.o
                0x100001c0                start_unresets
 .text.finish_unresets
                0x10000210       0x48 llinit.o
                0x10000210                finish_unresets
 .text.clocks_init
                0x10000258       0x4c llinit.o
                0x10000258                clocks_init
 .text.low_level_init
                0x100002a4       0x10 llinit.o
                0x100002a4                low_level_init
 .text.startup.main
                0x100002b4       0x6c core.o
                0x100002b4                main
 .text.rtc_init
                0x10000320       0x48 rtc.o
                0x10000320                rtc_init
 .text.rtc_set_datetime
                0x10000368       0x24 rtc.o
                0x10000368                rtc_set_datetime
 .text.rtc_get_datetime
                0x1000038c       0x3c rtc.o
                0x1000038c                rtc_get_datetime
 .text.rtc_set_alarm
                0x100003c8       0x70 rtc.o
                0x100003c8                rtc_set_alarm
 .text.rtc_schedule_next_alarm
                0x10000438       0x5e rtc.o
                0x10000438                rtc_schedule_next_alarm
 *fill*         0x10000496        0x2 
 .text.__vector_20
                0x10000498       0x20 rtc.o
                0x10000498                __vector_20
 .text.dma_tx   0x100004b8       0x30 dma.o
                0x100004b8                dma_tx
 .text.pio_start
                0x100004e8       0x28 pio-handler.o
                0x100004e8                pio_start
 .text.__reset  0x10000510       0x40 ../common/lib/rp2040-crt.o
                0x10000510                __reset
 .text.__bad_interrupt
                0x10000550        0x4 ../common/lib/rp2040-crt.o
                0x10000550                __vector_38
                0x10000550                __vector_22
                0x10000550                __vector_28
                0x10000550                __vector_32
                0x10000550                __vector_34
                0x10000550                __vector_24
                0x10000550                __vector_12
                0x10000550                __vector_46
                0x10000550                __bad_interrupt
                0x10000550                __vector_6
                0x10000550                __vector_31
                0x10000550                __vector_35
                0x10000550                __vector_39
                0x10000550                __vector_3
                0x10000550                __vector_23
                0x10000550                __vector_30
                0x10000550                __vector_45
                0x10000550                __vector_25
                0x10000550                __vector_11
                0x10000550                __vector_13
                0x10000550                __vector_17
                0x10000550                __vector_19
                0x10000550                __vector_7
                0x10000550                __vector_41
                0x10000550                __vector_43
                0x10000550                __vector_27
                0x10000550                __vector_5
                0x10000550                __vector_33
                0x10000550                __vector_47
                0x10000550                __vector_37
                0x10000550                __vector_4
                0x10000550                __vector_44
                0x10000550                __vector_9
                0x10000550                __vector_2
                0x10000550                __vector_21
                0x10000550                __vector_15
                0x10000550                __vector_36
                0x10000550                __vector_29
                0x10000550                __vector_40
                0x10000550                __vector_8
                0x10000550                __vector_26
                0x10000550                __vector_14
                0x10000550                __vector_10
                0x10000550                __vector_16
                0x10000550                __vector_18
                0x10000550                __vector_42
                [!provide]                        PROVIDE (__text_end = .)

.glue_7         0x10000554        0x0
 .glue_7        0x10000554        0x0 linker stubs

.glue_7t        0x10000554        0x0
 .glue_7t       0x10000554        0x0 linker stubs

.vfp11_veneer   0x10000554        0x0
 .vfp11_veneer  0x10000554        0x0 linker stubs

.v4_bx          0x10000554        0x0
 .v4_bx         0x10000554        0x0 linker stubs

.iplt           0x10000554        0x0
 .iplt          0x10000554        0x0 llinit.o

.rodata         0x10000580       0x40
 *(.rodata)
 *(.rodata.*)
 .rodata.dma_data
                0x10000580       0x40 dma.o
                0x100005c0                        . = ALIGN (0x4)

.rel.dyn        0x100005c0        0x0
 .rel.iplt      0x100005c0        0x0 llinit.o

.data           0x20000000        0x0 load address 0x100005c0
                0x20000000                        . = ALIGN (0x4)
                0x20000000                        PROVIDE (__data_start = .)
 *(.data)
 *(.data.*)
                0x20000000                        PROVIDE (__data_end = .)
                0x20000000                        . = ALIGN (0x4)
                0x100005c0                        PROVIDE (__data_load_start = LOADADDR (.data))

.igot.plt       0x20000000        0x0 load address 0x100005c0
 .igot.plt      0x20000000        0x0 llinit.o

.bss            0x20000000        0x4 load address 0x100005c0
                0x20000000                        . = ALIGN (0x4)
                0x20000000                        PROVIDE (__bss_start = .)
 *(.bss)
 *(.bss.*)
 .bss.rtc_interrupt_occurred
                0x20000000        0x1 rtc.o
                0x20000000                rtc_interrupt_occurred
 *fill*         0x20000001        0x1 
 .bss.offset.0  0x20000002        0x2 dma.o
                0x20000004                        . = ALIGN (0x4)
                0x20000004                        PROVIDE (__bss_end = .)
                0x20042000                        PROVIDE (__ram_end = (ORIGIN (SRAM) + LENGTH (SRAM)))
                0xd0000000                        PROVIDE (SIO = 0xd0000000)
                0x40008000                        PROVIDE (CLOCKS = 0x40008000)
                0x40014000                        PROVIDE (IO_BANK0 = 0x40014000)
                0x4000c000                        PROVIDE (RESETS = 0x4000c000)
                [!provide]                        PROVIDE (PADS_BANK0 = 0x4001c000)
                0x40024000                        PROVIDE (XOSC = 0x40024000)
                [!provide]                        PROVIDE (PLL_SYS = 0x40028000)
                [!provide]                        PROVIDE (PLL_USB = 0x4002c000)
                [!provide]                        PROVIDE (UART0 = 0x40034000)
                [!provide]                        PROVIDE (UART1 = 0x40038000)
                [!provide]                        PROVIDE (I2C0 = 0x40044000)
                [!provide]                        PROVIDE (I2C1 = 0x40048000)
                0x4005c000                        PROVIDE (RTC = 0x4005c000)
                [!provide]                        PROVIDE (ADC = 0x4004c000)
                [!provide]                        PROVIDE (SPI0 = 0x4003c000)
                [!provide]                        PROVIDE (SPI01 = 0x40040000)
                [!provide]                        PROVIDE (PPB = 0xe0000000)
                [!provide]                        PROVIDE (SYSTICK = (PPB + 0xe010))
                [!provide]                        PROVIDE (NVIC_ISER = (PPB + 0xe100))
                [!provide]                        PROVIDE (NVIC_ISPR = (PPB + 0xe200))
                0x50000000                        PROVIDE (DMA = 0x50000000)
                0x50200000                        PROVIDE (PIO0 = 0x50200000)
                [!provide]                        PROVIDE (PIO1 = 0x50300000)
LOAD llinit.o
LOAD core.o
LOAD rtc.o
LOAD dma.o
LOAD pio-handler.o
LOAD ../common/lib/rp2040-vectors.o
LOAD ../common/lib/rp2040-crt.o
LOAD ../common/lib/bl2.o
OUTPUT(binary.elf elf32-littlearm)
LOAD linker stubs

.debug_info     0x00000000     0x1501
 .debug_info    0x00000000      0x410 llinit.o
 .debug_info    0x00000410      0x366 core.o
 .debug_info    0x00000776      0x69f rtc.o
 .debug_info    0x00000e15      0x3e2 dma.o
 .debug_info    0x000011f7      0x2da pio-handler.o
 .debug_info    0x000014d1       0x30 ../common/lib/rp2040-crt.o

.debug_abbrev   0x00000000      0x635
 .debug_abbrev  0x00000000       0xa5 llinit.o
 .debug_abbrev  0x000000a5      0x19c core.o
 .debug_abbrev  0x00000241      0x16c rtc.o
 .debug_abbrev  0x000003ad      0x133 dma.o
 .debug_abbrev  0x000004e0      0x12f pio-handler.o
 .debug_abbrev  0x0000060f       0x26 ../common/lib/rp2040-crt.o

.debug_aranges  0x00000000      0x120
 .debug_aranges
                0x00000000       0x38 llinit.o
 .debug_aranges
                0x00000038       0x20 core.o
 .debug_aranges
                0x00000058       0x50 rtc.o
 .debug_aranges
                0x000000a8       0x28 dma.o
 .debug_aranges
                0x000000d0       0x28 pio-handler.o
 .debug_aranges
                0x000000f8       0x28 ../common/lib/rp2040-crt.o

.debug_rnglists
                0x00000000       0xc7
 .debug_rnglists
                0x00000000       0x25 llinit.o
 .debug_rnglists
                0x00000025       0x13 core.o
 .debug_rnglists
                0x00000038       0x37 rtc.o
 .debug_rnglists
                0x0000006f       0x19 dma.o
 .debug_rnglists
                0x00000088       0x26 pio-handler.o
 .debug_rnglists
                0x000000ae       0x19 ../common/lib/rp2040-crt.o

.debug_line     0x00000000      0x90d
 .debug_line    0x00000000      0x226 llinit.o
 .debug_line    0x00000226       0xc4 core.o
 .debug_line    0x000002ea      0x317 rtc.o
 .debug_line    0x00000601       0xc7 dma.o
 .debug_line    0x000006c8      0x1cf pio-handler.o
 .debug_line    0x00000897       0x76 ../common/lib/rp2040-crt.o

.debug_str      0x00000000      0x77c
 .debug_str     0x00000000      0x77c llinit.o
                                0x49d (size before relaxing)
 .debug_str     0x0000077c      0x2bc core.o
 .debug_str     0x0000077c      0x52c rtc.o
 .debug_str     0x0000077c      0x25a dma.o
 .debug_str     0x0000077c      0x20b pio-handler.o
 .debug_str     0x0000077c       0x7b ../common/lib/rp2040-crt.o

.comment        0x00000000       0x26
 .comment       0x00000000       0x26 llinit.o
                                 0x27 (size before relaxing)
 .comment       0x00000026       0x27 core.o
 .comment       0x00000026       0x27 rtc.o
 .comment       0x00000026       0x27 dma.o
 .comment       0x00000026       0x27 pio-handler.o

.ARM.attributes
                0x00000000       0x2a
 .ARM.attributes
                0x00000000       0x2c llinit.o
 .ARM.attributes
                0x0000002c       0x2c core.o
 .ARM.attributes
                0x00000058       0x2c rtc.o
 .ARM.attributes
                0x00000084       0x2c dma.o
 .ARM.attributes
                0x000000b0       0x2c pio-handler.o
 .ARM.attributes
                0x000000dc       0x1c ../common/lib/rp2040-vectors.o
 .ARM.attributes
                0x000000f8       0x22 ../common/lib/rp2040-crt.o
 .ARM.attributes
                0x0000011a       0x22 ../common/lib/bl2.o

.debug_frame    0x00000000      0x1a8
 .debug_frame   0x00000000       0x58 llinit.o
 .debug_frame   0x00000058       0x2c core.o
 .debug_frame   0x00000084       0xb4 rtc.o
 .debug_frame   0x00000138       0x38 dma.o
 .debug_frame   0x00000170       0x38 pio-handler.o

.debug_loclists
                0x00000000      0x157
 .debug_loclists
                0x00000000       0x1c core.o
 .debug_loclists
                0x0000001c      0x101 rtc.o
 .debug_loclists
                0x0000011d       0x3a pio-handler.o

.debug_line_str
                0x00000000       0x67
 .debug_line_str
                0x00000000       0x67 ../common/lib/rp2040-crt.o
